(---------------------------------------------------------------------)
(                                                                     )
(    Allegro Netrev Import Logic                                      )
(                                                                     )
(    Drawing          : KB_V15.brd                                    )
(    Software Version : 16.6P004                                      )
(    Date/Time        : Mon Nov 05 20:06:57 2018                      )
(                                                                     )
(---------------------------------------------------------------------)


------ Directives ------

RIPUP_ETCH FALSE;
RIPUP_DELETE_FIRST_SEGMENT FALSE;
RIPUP_RETAIN_BONDWIRE FALSE;
RIPUP_SYMBOLS ALWAYS;
Missing symbol has error FALSE;
SCHEMATIC_DIRECTORY './allegro';
BOARD_DIRECTORY '';
OLD_BOARD_NAME 'D:/Data/Hardware/KB_V15/KB_V15.brd';
NEW_BOARD_NAME 'D:/Data/Hardware/KB_V15/KB_V15.brd';

CmdLine: netrev -$ -i ./allegro -y 1 -z D:/Data/Hardware/KB_V15/#Taaaaaq00820.tmp

------ Preparing to read pst files ------

Starting to read ./allegro/pstchip.dat 
   Finished reading ./allegro/pstchip.dat (00:00:00.08)
Starting to read ./allegro/pstxprt.dat 
   Finished reading ./allegro/pstxprt.dat (00:00:00.00)
Starting to read ./allegro/pstxnet.dat 
   Finished reading ./allegro/pstxnet.dat (00:00:00.00)

------ Oversights/Warnings/Errors ------


------ Library Paths ------
MODULEPATH =  . 
           C:/Cadence/SPB_16.6/share/local/pcb/modules 

PSMPATH =  D:/Data/Hardware/KB_V10/Symbols/ 
           D:/library/Footprint/Symbols/ 
           D:/Data/Hardware/Second library/Symbols/ 
           D:/Hardware/M07/M07_V10/M07_Lib/Symbol/ 

PADPATH =  D:/library/Footprint/Pads/ 
           D:/Data/Hardware/Second library/Pads/ 
           D:/Data/Hardware/KB_V10/Pads/ 
           . 
           symbols 
           .. 
           ../symbols 
           C:/Cadence/SPB_16.6/share/local/pcb/padstacks 
           C:/Cadence/SPB_16.6/share/pcb/pcb_lib/symbols 
           C:/Cadence/SPB_16.6/share/pcb/allegrolib/symbols 


------ Summary Statistics ------


netrev run on Nov 5 20:06:57 2018
   DESIGN NAME : 'KB_V15'
   PACKAGING ON Sep 10 2012 04:46:09

   COMPILE 'logic'
   CHECK_PIN_NAMES OFF
   CROSS_REFERENCE OFF
   FEEDBACK OFF
   INCREMENTAL OFF
   INTERFACE_TYPE PHYSICAL
   MAX_ERRORS 500
   MERGE_MINIMUM 5
   NET_NAME_CHARS '#%&()*+-./:=>?@[]^_`|'
   NET_NAME_LENGTH 24
   OVERSIGHTS ON
   REPLACE_CHECK OFF
   SINGLE_NODE_NETS ON
   SPLIT_MINIMUM 0
   SUPPRESS   20
   WARNINGS ON

 No error detected
 No oversight detected
 No warning detected

cpu time      0:01:32
elapsed time  0:00:00

